Archive member included to satisfy reference by file (symbol)

C:/ST/STM32CubeIDE_1.14.0/STM32CubeIDE/plugins/com.st.stm32cube.ide.mcu.externaltools.gnu-tools-for-stm32.11.3.rel1.win32_1.1.100.202309141235/tools/bin/../lib/gcc/arm-none-eabi/11.3.1/../../../../arm-none-eabi/lib/thumb/v7e-m/nofp\libc_nano.a(libc_a-exit.o)
                              C:/ST/STM32CubeIDE_1.14.0/STM32CubeIDE/plugins/com.st.stm32cube.ide.mcu.externaltools.gnu-tools-for-stm32.11.3.rel1.win32_1.1.100.202309141235/tools/bin/../lib/gcc/arm-none-eabi/11.3.1/../../../../arm-none-eabi/lib/thumb/v7e-m/nofp/crt0.o (exit)
C:/ST/STM32CubeIDE_1.14.0/STM32CubeIDE/plugins/com.st.stm32cube.ide.mcu.externaltools.gnu-tools-for-stm32.11.3.rel1.win32_1.1.100.202309141235/tools/bin/../lib/gcc/arm-none-eabi/11.3.1/../../../../arm-none-eabi/lib/thumb/v7e-m/nofp\libc_nano.a(libc_a-findfp.o)
                              C:/ST/STM32CubeIDE_1.14.0/STM32CubeIDE/plugins/com.st.stm32cube.ide.mcu.externaltools.gnu-tools-for-stm32.11.3.rel1.win32_1.1.100.202309141235/tools/bin/../lib/gcc/arm-none-eabi/11.3.1/../../../../arm-none-eabi/lib/thumb/v7e-m/nofp\libc_nano.a(libc_a-exit.o) (__stdio_exit_handler)
C:/ST/STM32CubeIDE_1.14.0/STM32CubeIDE/plugins/com.st.stm32cube.ide.mcu.externaltools.gnu-tools-for-stm32.11.3.rel1.win32_1.1.100.202309141235/tools/bin/../lib/gcc/arm-none-eabi/11.3.1/../../../../arm-none-eabi/lib/thumb/v7e-m/nofp\libc_nano.a(libc_a-fwalk.o)
                              C:/ST/STM32CubeIDE_1.14.0/STM32CubeIDE/plugins/com.st.stm32cube.ide.mcu.externaltools.gnu-tools-for-stm32.11.3.rel1.win32_1.1.100.202309141235/tools/bin/../lib/gcc/arm-none-eabi/11.3.1/../../../../arm-none-eabi/lib/thumb/v7e-m/nofp\libc_nano.a(libc_a-findfp.o) (_fwalk_sglue)
C:/ST/STM32CubeIDE_1.14.0/STM32CubeIDE/plugins/com.st.stm32cube.ide.mcu.externaltools.gnu-tools-for-stm32.11.3.rel1.win32_1.1.100.202309141235/tools/bin/../lib/gcc/arm-none-eabi/11.3.1/../../../../arm-none-eabi/lib/thumb/v7e-m/nofp\libc_nano.a(libc_a-stdio.o)
                              C:/ST/STM32CubeIDE_1.14.0/STM32CubeIDE/plugins/com.st.stm32cube.ide.mcu.externaltools.gnu-tools-for-stm32.11.3.rel1.win32_1.1.100.202309141235/tools/bin/../lib/gcc/arm-none-eabi/11.3.1/../../../../arm-none-eabi/lib/thumb/v7e-m/nofp\libc_nano.a(libc_a-findfp.o) (__sread)
C:/ST/STM32CubeIDE_1.14.0/STM32CubeIDE/plugins/com.st.stm32cube.ide.mcu.externaltools.gnu-tools-for-stm32.11.3.rel1.win32_1.1.100.202309141235/tools/bin/../lib/gcc/arm-none-eabi/11.3.1/../../../../arm-none-eabi/lib/thumb/v7e-m/nofp\libc_nano.a(libc_a-memset.o)
                              C:/ST/STM32CubeIDE_1.14.0/STM32CubeIDE/plugins/com.st.stm32cube.ide.mcu.externaltools.gnu-tools-for-stm32.11.3.rel1.win32_1.1.100.202309141235/tools/bin/../lib/gcc/arm-none-eabi/11.3.1/../../../../arm-none-eabi/lib/thumb/v7e-m/nofp/crt0.o (memset)
C:/ST/STM32CubeIDE_1.14.0/STM32CubeIDE/plugins/com.st.stm32cube.ide.mcu.externaltools.gnu-tools-for-stm32.11.3.rel1.win32_1.1.100.202309141235/tools/bin/../lib/gcc/arm-none-eabi/11.3.1/../../../../arm-none-eabi/lib/thumb/v7e-m/nofp\libc_nano.a(libc_a-closer.o)
                              C:/ST/STM32CubeIDE_1.14.0/STM32CubeIDE/plugins/com.st.stm32cube.ide.mcu.externaltools.gnu-tools-for-stm32.11.3.rel1.win32_1.1.100.202309141235/tools/bin/../lib/gcc/arm-none-eabi/11.3.1/../../../../arm-none-eabi/lib/thumb/v7e-m/nofp\libc_nano.a(libc_a-stdio.o) (_close_r)
C:/ST/STM32CubeIDE_1.14.0/STM32CubeIDE/plugins/com.st.stm32cube.ide.mcu.externaltools.gnu-tools-for-stm32.11.3.rel1.win32_1.1.100.202309141235/tools/bin/../lib/gcc/arm-none-eabi/11.3.1/../../../../arm-none-eabi/lib/thumb/v7e-m/nofp\libc_nano.a(libc_a-reent.o)
                              C:/ST/STM32CubeIDE_1.14.0/STM32CubeIDE/plugins/com.st.stm32cube.ide.mcu.externaltools.gnu-tools-for-stm32.11.3.rel1.win32_1.1.100.202309141235/tools/bin/../lib/gcc/arm-none-eabi/11.3.1/../../../../arm-none-eabi/lib/thumb/v7e-m/nofp\libc_nano.a(libc_a-closer.o) (errno)
C:/ST/STM32CubeIDE_1.14.0/STM32CubeIDE/plugins/com.st.stm32cube.ide.mcu.externaltools.gnu-tools-for-stm32.11.3.rel1.win32_1.1.100.202309141235/tools/bin/../lib/gcc/arm-none-eabi/11.3.1/../../../../arm-none-eabi/lib/thumb/v7e-m/nofp\libc_nano.a(libc_a-impure.o)
                              C:/ST/STM32CubeIDE_1.14.0/STM32CubeIDE/plugins/com.st.stm32cube.ide.mcu.externaltools.gnu-tools-for-stm32.11.3.rel1.win32_1.1.100.202309141235/tools/bin/../lib/gcc/arm-none-eabi/11.3.1/../../../../arm-none-eabi/lib/thumb/v7e-m/nofp\libc_nano.a(libc_a-reent.o) (_impure_ptr)
C:/ST/STM32CubeIDE_1.14.0/STM32CubeIDE/plugins/com.st.stm32cube.ide.mcu.externaltools.gnu-tools-for-stm32.11.3.rel1.win32_1.1.100.202309141235/tools/bin/../lib/gcc/arm-none-eabi/11.3.1/../../../../arm-none-eabi/lib/thumb/v7e-m/nofp\libc_nano.a(libc_a-lseekr.o)
[...]
Memory Configuration

Name             Origin             Length             Attributes
RAM              0x0000000020000000 0x0000000000020000 xrw
FLASH            0x0000000008000000 0x0000000000080000 xr
*default*        0x0000000000000000 0xffffffffffffffff

Linker script and memory map

LOAD C:/ST/STM32CubeIDE_1.14.0/STM32CubeIDE/plugins/com.st.stm32cube.ide.mcu.externaltools.gnu-tools-for-stm32.11.3.rel1.win32_1.1.100.202309141235/tools/bin/../lib/gcc/arm-none-eabi/11.3.1/thumb/v7e-m/nofp/crti.o
LOAD C:/ST/STM32CubeIDE_1.14.0/STM32CubeIDE/plugins/com.st.stm32cube.ide.mcu.externaltools.gnu-tools-for-stm32.11.3.rel1.win32_1.1.100.202309141235/tools/bin/../lib/gcc/arm-none-eabi/11.3.1/thumb/v7e-m/nofp/crtbegin.o
LOAD C:/ST/STM32CubeIDE_1.14.0/STM32CubeIDE/plugins/com.st.stm32cube.ide.mcu.externaltools.gnu-tools-for-stm32.11.3.rel1.win32_1.1.100.202309141235/tools/bin/../lib/gcc/arm-none-eabi/11.3.1/../../../../arm-none-eabi/lib/thumb/v7e-m/nofp/crt0.o
LOAD ./Drivers/Src/stm32f446xx_gpio_driver.o
LOAD ./Drivers/Src/stm32f446xx_spi_driver.o
LOAD ./Src/005spi_tx_test.o
LOAD ./Src/syscalls.o
LOAD ./Src/sysmem.o
LOAD ./Startup/startup_stm32f446retx.o
START GROUP
LOAD C:/ST/STM32CubeIDE_1.14.0/STM32CubeIDE/plugins/com.st.stm32cube.ide.mcu.externaltools.gnu-tools-for-stm32.11.3.rel1.win32_1.1.100.202309141235/tools/bin/../lib/gcc/arm-none-eabi/11.3.1/../../../../arm-none-eabi/lib/thumb/v7e-m/nofp\libc_nano.a
LOAD C:/ST/STM32CubeIDE_1.14.0/STM32CubeIDE/plugins/com.st.stm32cube.ide.mcu.externaltools.gnu-tools-for-stm32.11.3.rel1.win32_1.1.100.202309141235/tools/bin/../lib/gcc/arm-none-eabi/11.3.1/../../../../arm-none-eabi/lib/thumb/v7e-m/nofp\libm.a
END GROUP
START GROUP
LOAD C:/ST/STM32CubeIDE_1.14.0/STM32CubeIDE/plugins/com.st.stm32cube.ide.mcu.externaltools.gnu-tools-for-stm32.11.3.rel1.win32_1.1.100.202309141235/tools/bin/../lib/gcc/arm-none-eabi/11.3.1/thumb/v7e-m/nofp\libgcc.a
LOAD C:/ST/STM32CubeIDE_1.14.0/STM32CubeIDE/plugins/com.st.stm32cube.ide.mcu.externaltools.gnu-tools-for-stm32.11.3.rel1.win32_1.1.100.202309141235/tools/bin/../lib/gcc/arm-none-eabi/11.3.1/../../../../arm-none-eabi/lib/thumb/v7e-m/nofp\libc_nano.a
END GROUP
START GROUP
LOAD C:/ST/STM32CubeIDE_1.14.0/STM32CubeIDE/plugins/com.st.stm32cube.ide.mcu.externaltools.gnu-tools-for-stm32.11.3.rel1.win32_1.1.100.202309141235/tools/bin/../lib/gcc/arm-none-eabi/11.3.1/thumb/v7e-m/nofp\libgcc.a
LOAD C:/ST/STM32CubeIDE_1.14.0/STM32CubeIDE/plugins/com.st.stm32cube.ide.mcu.externaltools.gnu-tools-for-stm32.11.3.rel1.win32_1.1.100.202309141235/tools/bin/../lib/gcc/arm-none-eabi/11.3.1/../../../../arm-none-eabi/lib/thumb/v7e-m/nofp\libc_nano.a
LOAD C:/ST/STM32CubeIDE_1.14.0/STM32CubeIDE/plugins/com.st.stm32cube.ide.mcu.externaltools.gnu-tools-for-stm32.11.3.rel1.win32_1.1.100.202309141235/tools/bin/../lib/gcc/arm-none-eabi/11.3.1/../../../../arm-none-eabi/lib/thumb/v7e-m/nofp\libnosys.a
END GROUP
START GROUP
LOAD C:/ST/STM32CubeIDE_1.14.0/STM32CubeIDE/plugins/com.st.stm32cube.ide.mcu.externaltools.gnu-tools-for-stm32.11.3.rel1.win32_1.1.100.202309141235/tools/bin/../lib/gcc/arm-none-eabi/11.3.1/thumb/v7e-m/nofp\libgcc.a
LOAD C:/ST/STM32CubeIDE_1.14.0/STM32CubeIDE/plugins/com.st.stm32cube.ide.mcu.externaltools.gnu-tools-for-stm32.11.3.rel1.win32_1.1.100.202309141235/tools/bin/../lib/gcc/arm-none-eabi/11.3.1/../../../../arm-none-eabi/lib/thumb/v7e-m/nofp\libc_nano.a
LOAD C:/ST/STM32CubeIDE_1.14.0/STM32CubeIDE/plugins/com.st.stm32cube.ide.mcu.externaltools.gnu-tools-for-stm32.11.3.rel1.win32_1.1.100.202309141235/tools/bin/../lib/gcc/arm-none-eabi/11.3.1/../../../../arm-none-eabi/lib/thumb/v7e-m/nofp\libnosys.a
END GROUP
LOAD C:/ST/STM32CubeIDE_1.14.0/STM32CubeIDE/plugins/com.st.stm32cube.ide.mcu.externaltools.gnu-tools-for-stm32.11.3.rel1.win32_1.1.100.202309141235/tools/bin/../lib/gcc/arm-none-eabi/11.3.1/thumb/v7e-m/nofp/crtend.o
LOAD C:/ST/STM32CubeIDE_1.14.0/STM32CubeIDE/plugins/com.st.stm32cube.ide.mcu.externaltools.gnu-tools-for-stm32.11.3.rel1.win32_1.1.100.202309141235/tools/bin/../lib/gcc/arm-none-eabi/11.3.1/thumb/v7e-m/nofp/crtn.o
                0x0000000020020000                _estack = (ORIGIN (RAM) + LENGTH (RAM))
                0x0000000000000200                _Min_Heap_Size = 0x200
                0x0000000000000400                _Min_Stack_Size = 0x400

.isr_vector     0x0000000008000000      0x1c4
                0x0000000008000000                . = ALIGN (0x4)
 *(.isr_vector)
 .isr_vector    0x0000000008000000      0x1c4 ./Startup/startup_stm32f446retx.o
                0x0000000008000000                g_pfnVectors
                0x00000000080001c4                . = ALIGN (0x4)

.text           0x00000000080001c4      0xa10
                0x00000000080001c4                . = ALIGN (0x4)
 *(.text)
 .text          0x00000000080001c4       0x40 C:/ST/STM32CubeIDE_1.14.0/STM32CubeIDE/plugins/com.st.stm32cube.ide.mcu.externaltools.gnu-tools-for-stm32.11.3.rel1.win32_1.1.100.202309141235/tools/bin/../lib/gcc/arm-none-eabi/11.3.1/thumb/v7e-m/nofp/crtbegin.o
 .text          0x0000000008000204       0x10 C:/ST/STM32CubeIDE_1.14.0/STM32CubeIDE/plugins/com.st.stm32cube.ide.mcu.externaltools.gnu-tools-for-stm32.11.3.rel1.win32_1.1.100.202309141235/tools/bin/../lib/gcc/arm-none-eabi/11.3.1/../../../../arm-none-eabi/lib/thumb/v7e-m/nofp\libc_nano.a(libc_a-strlen.o)
                0x0000000008000204                strlen
 *(.text*)
 .text.GPIO_PeriClockControl
                0x0000000008000214      0x200 ./Drivers/Src/stm32f446xx_gpio_driver.o
                0x0000000008000214                GPIO_PeriClockControl
 .text.GPIO_Init
                0x0000000008000414      0x33c ./Drivers/Src/stm32f446xx_gpio_driver.o
                0x0000000008000414                GPIO_Init
 .text.SPI_PeriClockControl
                0x0000000008000750      0x110 ./Drivers/Src/stm32f446xx_spi_driver.o
                0x0000000008000750                SPI_PeriClockControl
 .text.SPI_Init
                0x0000000008000860       0xb6 ./Drivers/Src/stm32f446xx_spi_driver.o
                0x0000000008000860                SPI_Init
 .text.SPI_Send
                0x0000000008000916       0x6e ./Drivers/Src/stm32f446xx_spi_driver.o
                0x0000000008000916                SPI_Send
 .text.SPI_PeripheralControl
                0x0000000008000984       0x36 ./Drivers/Src/stm32f446xx_spi_driver.o
                0x0000000008000984                SPI_PeripheralControl
 .text.SPI_SSIConfig
                0x00000000080009ba       0x36 ./Drivers/Src/stm32f446xx_spi_driver.o
                0x00000000080009ba                SPI_SSIConfig
 .text.SPI_SSOEConfig
                0x00000000080009f0       0x36 ./Drivers/Src/stm32f446xx_spi_driver.o
                0x00000000080009f0                SPI_SSOEConfig
 *fill*         0x0000000008000a26        0x2 
 .text.SPI2_GPIOInits
                0x0000000008000a28       0x44 ./Src/005spi_tx_test.o
                0x0000000008000a28                SPI2_GPIOInits
 .text.SPI2_Inits
                0x0000000008000a6c       0x3c ./Src/005spi_tx_test.o
                0x0000000008000a6c                SPI2_Inits
 .text.main     0x0000000008000aa8       0x78 ./Src/005spi_tx_test.o
                0x0000000008000aa8                main
 .text.Reset_Handler
                0x0000000008000b20       0x50 ./Startup/startup_stm32f446retx.o
                0x0000000008000b20                Reset_Handler
 .text.Default_Handler
                0x0000000008000b70        0x2 ./Startup/startup_stm32f446retx.o
                0x0000000008000b70                RTC_Alarm_IRQHandler
                0x0000000008000b70                EXTI2_IRQHandler
                0x0000000008000b70                TIM8_CC_IRQHandler
                0x0000000008000b70                SPDIF_Rx_IRQHandler
                0x0000000008000b70                DebugMon_Handler
                0x0000000008000b70                SPI4_IRQHandler
                0x0000000008000b70                TIM1_CC_IRQHandler
                0x0000000008000b70                QuadSPI_IRQHandler
                0x0000000008000b70                DMA2_Stream5_IRQHandler
                0x0000000008000b70                HardFault_Handler
                0x0000000008000b70                DMA1_Stream5_IRQHandler
                0x0000000008000b70                SysTick_Handler
                0x0000000008000b70                PVD_IRQHandler
                0x0000000008000b70                SDIO_IRQHandler
                0x0000000008000b70                TAMP_STAMP_IRQHandler
                0x0000000008000b70                PendSV_Handler
                0x0000000008000b70                NMI_Handler
                0x0000000008000b70                CAN2_RX1_IRQHandler
                0x0000000008000b70                EXTI3_IRQHandler
                0x0000000008000b70                TIM8_TRG_COM_TIM14_IRQHandler
                0x0000000008000b70                TIM1_UP_TIM10_IRQHandler
                0x0000000008000b70                FMPI2C1_error_IRQHandler
                0x0000000008000b70                TIM8_UP_TIM13_IRQHandler
                0x0000000008000b70                I2C3_ER_IRQHandler
                0x0000000008000b70                EXTI0_IRQHandler
                0x0000000008000b70                I2C2_EV_IRQHandler
                0x0000000008000b70                DMA1_Stream2_IRQHandler
                0x0000000008000b70                CAN1_RX0_IRQHandler
                0x0000000008000b70                OTG_HS_WKUP_IRQHandler
                0x0000000008000b70                UsageFault_Handler
                0x0000000008000b70                CAN2_SCE_IRQHandler
                0x0000000008000b70                DMA2_Stream2_IRQHandler
                0x0000000008000b70                SPI1_IRQHandler
                0x0000000008000b70                TIM6_DAC_IRQHandler
                0x0000000008000b70                TIM1_BRK_TIM9_IRQHandler
                0x0000000008000b70                DCMI_IRQHandler
                0x0000000008000b70                CAN2_RX0_IRQHandler
                0x0000000008000b70                DMA2_Stream3_IRQHandler
                0x0000000008000b70                FMPI2C1_IRQHandler
                0x0000000008000b70                SAI2_IRQHandler
                0x0000000008000b70                USART6_IRQHandler
                0x0000000008000b70                USART3_IRQHandler
                0x0000000008000b70                CAN1_RX1_IRQHandler
                0x0000000008000b70                UART5_IRQHandler
                0x0000000008000b70                DMA2_Stream0_IRQHandler
                0x0000000008000b70                TIM4_IRQHandler
                0x0000000008000b70                I2C1_EV_IRQHandler
                0x0000000008000b70                HDMI_CEC_IRQHandler
                0x0000000008000b70                DMA1_Stream6_IRQHandler
                0x0000000008000b70                DMA1_Stream1_IRQHandler
                0x0000000008000b70                UART4_IRQHandler
                0x0000000008000b70                TIM3_IRQHandler
                0x0000000008000b70                RCC_IRQHandler
                0x0000000008000b70                TIM8_BRK_TIM12_IRQHandler
                0x0000000008000b70                Default_Handler
                0x0000000008000b70                EXTI15_10_IRQHandler
                0x0000000008000b70                ADC_IRQHandler
                0x0000000008000b70                DMA1_Stream7_IRQHandler
                0x0000000008000b70                TIM7_IRQHandler
                0x0000000008000b70                CAN2_TX_IRQHandler
                0x0000000008000b70                TIM5_IRQHandler
                0x0000000008000b70                DMA2_Stream7_IRQHandler
                0x0000000008000b70                I2C3_EV_IRQHandler
                0x0000000008000b70                EXTI9_5_IRQHandler
                0x0000000008000b70                RTC_WKUP_IRQHandler
                0x0000000008000b70                SPI2_IRQHandler
                0x0000000008000b70                OTG_HS_EP1_IN_IRQHandler
                0x0000000008000b70                MemManage_Handler
                0x0000000008000b70                DMA1_Stream0_IRQHandler
                0x0000000008000b70                CAN1_TX_IRQHandler
                0x0000000008000b70                SVC_Handler
                0x0000000008000b70                EXTI4_IRQHandler
                0x0000000008000b70                OTG_HS_EP1_OUT_IRQHandler
                0x0000000008000b70                WWDG_IRQHandler
                0x0000000008000b70                TIM2_IRQHandler
                0x0000000008000b70                OTG_FS_WKUP_IRQHandler
                0x0000000008000b70                TIM1_TRG_COM_TIM11_IRQHandler
                0x0000000008000b70                OTG_HS_IRQHandler
                0x0000000008000b70                EXTI1_IRQHandler
                0x0000000008000b70                USART2_IRQHandler
                0x0000000008000b70                I2C2_ER_IRQHandler
                0x0000000008000b70                DMA2_Stream1_IRQHandler
                0x0000000008000b70                CAN1_SCE_IRQHandler
                0x0000000008000b70                FLASH_IRQHandler
                0x0000000008000b70                DMA2_Stream4_IRQHandler
                0x0000000008000b70                BusFault_Handler
                0x0000000008000b70                USART1_IRQHandler
                0x0000000008000b70                OTG_FS_IRQHandler
                0x0000000008000b70                SPI3_IRQHandler
                0x0000000008000b70                DMA1_Stream4_IRQHandler
                0x0000000008000b70                I2C1_ER_IRQHandler
                0x0000000008000b70                FMC_IRQHandler
                0x0000000008000b70                DMA2_Stream6_IRQHandler
                0x0000000008000b70                SAI1_IRQHandler
                0x0000000008000b70                DMA1_Stream3_IRQHandler
 *fill*         0x0000000008000b72        0x2 
 .text.__libc_init_array
                0x0000000008000b74       0x48 C:/ST/STM32CubeIDE_1.14.0/STM32CubeIDE/plugins/com.st.stm32cube.ide.mcu.externaltools.gnu-tools-for-stm32.11.3.rel1.win32_1.1.100.202309141235/tools/bin/../lib/gcc/arm-none-eabi/11.3.1/../../../../arm-none-eabi/lib/thumb/v7e-m/nofp\libc_nano.a(libc_a-init.o)
                0x0000000008000b74                __libc_init_array
 *(.glue_7)
 .glue_7        0x0000000008000bbc        0x0 linker stubs
 *(.glue_7t)
 .glue_7t       0x0000000008000bbc        0x0 linker stubs
 *(.eh_frame)
 .eh_frame      0x0000000008000bbc        0x0 C:/ST/STM32CubeIDE_1.14.0/STM32CubeIDE/plugins/com.st.stm32cube.ide.mcu.externaltools.gnu-tools-for-stm32.11.3.rel1.win32_1.1.100.202309141235/tools/bin/../lib/gcc/arm-none-eabi/11.3.1/thumb/v7e-m/nofp/crtbegin.o
 *(.init)
 .init          0x0000000008000bbc        0x4 C:/ST/STM32CubeIDE_1.14.0/STM32CubeIDE/plugins/com.st.stm32cube.ide.mcu.externaltools.gnu-tools-for-stm32.11.3.rel1.win32_1.1.100.202309141235/tools/bin/../lib/gcc/arm-none-eabi/11.3.1/thumb/v7e-m/nofp/crti.o
                0x0000000008000bbc                _init
 .init          0x0000000008000bc0        0x8 C:/ST/STM32CubeIDE_1.14.0/STM32CubeIDE/plugins/com.st.stm32cube.ide.mcu.externaltools.gnu-tools-for-stm32.11.3.rel1.win32_1.1.100.202309141235/tools/bin/../lib/gcc/arm-none-eabi/11.3.1/thumb/v7e-m/nofp/crtn.o
 *(.fini)
 .fini          0x0000000008000bc8        0x4 C:/ST/STM32CubeIDE_1.14.0/STM32CubeIDE/plugins/com.st.stm32cube.ide.mcu.externaltools.gnu-tools-for-stm32.11.3.rel1.win32_1.1.100.202309141235/tools/bin/../lib/gcc/arm-none-eabi/11.3.1/thumb/v7e-m/nofp/crti.o
                0x0000000008000bc8                _fini
 .fini          0x0000000008000bcc        0x8 C:/ST/STM32CubeIDE_1.14.0/STM32CubeIDE/plugins/com.st.stm32cube.ide.mcu.externaltools.gnu-tools-for-stm32.11.3.rel1.win32_1.1.100.202309141235/tools/bin/../lib/gcc/arm-none-eabi/11.3.1/thumb/v7e-m/nofp/crtn.o
                0x0000000008000bd4                . = ALIGN (0x4)
                0x0000000008000bd4                _etext = .

.vfp11_veneer   0x0000000008000bd4        0x0
 .vfp11_veneer  0x0000000008000bd4        0x0 linker stubs

.v4_bx          0x0000000008000bd4        0x0
 .v4_bx         0x0000000008000bd4        0x0 linker stubs

.iplt           0x0000000008000bd4        0x0
 .iplt          0x0000000008000bd4        0x0 C:/ST/STM32CubeIDE_1.14.0/STM32CubeIDE/plugins/com.st.stm32cube.ide.mcu.externaltools.gnu-tools-for-stm32.11.3.rel1.win32_1.1.100.202309141235/tools/bin/../lib/gcc/arm-none-eabi/11.3.1/thumb/v7e-m/nofp/crtbegin.o

.rodata         0x0000000008000bd4        0xc
                0x0000000008000bd4                . = ALIGN (0x4)
 *(.rodata)
 .rodata        0x0000000008000bd4        0xc ./Src/005spi_tx_test.o
 *(.rodata*)
                0x0000000008000be0                . = ALIGN (0x4)

.rel.dyn        0x0000000008000be0        0x0
 .rel.iplt      0x0000000008000be0        0x0 C:/ST/STM32CubeIDE_1.14.0/STM32CubeIDE/plugins/com.st.stm32cube.ide.mcu.externaltools.gnu-tools-for-stm32.11.3.rel1.win32_1.1.100.202309141235/tools/bin/../lib/gcc/arm-none-eabi/11.3.1/thumb/v7e-m/nofp/crtbegin.o

.ARM.extab      0x0000000008000be0        0x0
                0x0000000008000be0                . = ALIGN (0x4)
 *(.ARM.extab* .gnu.linkonce.armextab.*)
                0x0000000008000be0                . = ALIGN (0x4)

.ARM            0x0000000008000be0        0x0
                0x0000000008000be0                . = ALIGN (0x4)
                0x0000000008000be0                __exidx_start = .
 *(.ARM.exidx*)
                0x0000000008000be0                __exidx_end = .
                0x0000000008000be0                . = ALIGN (0x4)

.preinit_array  0x0000000008000be0        0x0
                0x0000000008000be0                . = ALIGN (0x4)
                0x0000000008000be0                PROVIDE (__preinit_array_start = .)
 *(.preinit_array*)
                0x0000000008000be0                PROVIDE (__preinit_array_end = .)
                0x0000000008000be0                . = ALIGN (0x4)

.init_array     0x0000000008000be0        0x4
                0x0000000008000be0                . = ALIGN (0x4)
                0x0000000008000be0                PROVIDE (__init_array_start = .)
 *(SORT_BY_NAME(.init_array.*))
 *(.init_array*)
 .init_array    0x0000000008000be0        0x4 C:/ST/STM32CubeIDE_1.14.0/STM32CubeIDE/plugins/com.st.stm32cube.ide.mcu.externaltools.gnu-tools-for-stm32.11.3.rel1.win32_1.1.100.202309141235/tools/bin/../lib/gcc/arm-none-eabi/11.3.1/thumb/v7e-m/nofp/crtbegin.o
                0x0000000008000be4                PROVIDE (__init_array_end = .)
                0x0000000008000be4                . = ALIGN (0x4)

.fini_array     0x0000000008000be4        0x4
                0x0000000008000be4                . = ALIGN (0x4)
                [!provide]                        PROVIDE (__fini_array_start = .)
 *(SORT_BY_NAME(.fini_array.*))
 *(.fini_array*)
 .fini_array    0x0000000008000be4        0x4 C:/ST/STM32CubeIDE_1.14.0/STM32CubeIDE/plugins/com.st.stm32cube.ide.mcu.externaltools.gnu-tools-for-stm32.11.3.rel1.win32_1.1.100.202309141235/tools/bin/../lib/gcc/arm-none-eabi/11.3.1/thumb/v7e-m/nofp/crtbegin.o
                [!provide]                        PROVIDE (__fini_array_end = .)
                0x0000000008000be8                . = ALIGN (0x4)
                0x0000000008000be8                _sidata = LOADADDR (.data)

.data           0x0000000020000000        0x0 load address 0x0000000008000be8
                0x0000000020000000                . = ALIGN (0x4)
                0x0000000020000000                _sdata = .
 *(.data)
 *(.data*)
 *(.RamFunc)
 *(.RamFunc*)
                0x0000000020000000                . = ALIGN (0x4)
                0x0000000020000000                _edata = .

.igot.plt       0x0000000020000000        0x0 load address 0x0000000008000be8
 .igot.plt      0x0000000020000000        0x0 C:/ST/STM32CubeIDE_1.14.0/STM32CubeIDE/plugins/com.st.stm32cube.ide.mcu.externaltools.gnu-tools-for-stm32.11.3.rel1.win32_1.1.100.202309141235/tools/bin/../lib/gcc/arm-none-eabi/11.3.1/thumb/v7e-m/nofp/crtbegin.o
                0x0000000020000000                . = ALIGN (0x4)

.bss            0x0000000020000000       0x1c load address 0x0000000008000be8
                0x0000000020000000                _sbss = .
                0x0000000020000000                __bss_start__ = _sbss
 *(.bss)
 .bss           0x0000000020000000       0x1c C:/ST/STM32CubeIDE_1.14.0/STM32CubeIDE/plugins/com.st.stm32cube.ide.mcu.externaltools.gnu-tools-for-stm32.11.3.rel1.win32_1.1.100.202309141235/tools/bin/../lib/gcc/arm-none-eabi/11.3.1/thumb/v7e-m/nofp/crtbegin.o
 *(.bss*)
 *(COMMON)
                0x000000002000001c                . = ALIGN (0x4)
                0x000000002000001c                _ebss = .
                0x000000002000001c                __bss_end__ = _ebss

._user_heap_stack
                0x000000002000001c      0x604 load address 0x0000000008000be8
                0x0000000020000020                . = ALIGN (0x8)
 *fill*         0x000000002000001c        0x4 
                [!provide]                        PROVIDE (end = .)
                0x0000000020000020                PROVIDE (_end = .)
                0x0000000020000220                . = (. + _Min_Heap_Size)
 *fill*         0x0000000020000020      0x200 
                0x0000000020000620                . = (. + _Min_Stack_Size)
 *fill*         0x0000000020000220      0x400 
                0x0000000020000620                . = ALIGN (0x8)

/DISCARD/
 libc.a(*)
 libm.a(*)
 libgcc.a(*)

.ARM.attributes
                0x0000000000000000       0x2a
 *(.ARM.attributes)
 .ARM.attributes
                0x0000000000000000       0x1e C:/ST/STM32CubeIDE_1.14.0/STM32CubeIDE/plugins/com.st.stm32cube.ide.mcu.externaltools.gnu-tools-for-stm32.11.3.rel1.win32_1.1.100.202309141235/tools/bin/../lib/gcc/arm-none-eabi/11.3.1/thumb/v7e-m/nofp/crti.o
 .ARM.attributes
                0x000000000000001e       0x2e C:/ST/STM32CubeIDE_1.14.0/STM32CubeIDE/plugins/com.st.stm32cube.ide.mcu.externaltools.gnu-tools-for-stm32.11.3.rel1.win32_1.1.100.202309141235/tools/bin/../lib/gcc/arm-none-eabi/11.3.1/thumb/v7e-m/nofp/crtbegin.o
 .ARM.attributes
                0x000000000000004c       0x2e ./Drivers/Src/stm32f446xx_gpio_driver.o
 .ARM.attributes
                0x000000000000007a       0x2e ./Drivers/Src/stm32f446xx_spi_driver.o
 .ARM.attributes
                0x00000000000000a8       0x2e ./Src/005spi_tx_test.o
 .ARM.attributes
                0x00000000000000d6       0x21 ./Startup/startup_stm32f446retx.o
 .ARM.attributes
                0x00000000000000f7       0x2e C:/ST/STM32CubeIDE_1.14.0/STM32CubeIDE/plugins/com.st.stm32cube.ide.mcu.externaltools.gnu-tools-for-stm32.11.3.rel1.win32_1.1.100.202309141235/tools/bin/../lib/gcc/arm-none-eabi/11.3.1/../../../../arm-none-eabi/lib/thumb/v7e-m/nofp\libc_nano.a(libc_a-init.o)
 .ARM.attributes
                0x0000000000000125       0x17 C:/ST/STM32CubeIDE_1.14.0/STM32CubeIDE/plugins/com.st.stm32cube.ide.mcu.externaltools.gnu-tools-for-stm32.11.3.rel1.win32_1.1.100.202309141235/tools/bin/../lib/gcc/arm-none-eabi/11.3.1/../../../../arm-none-eabi/lib/thumb/v7e-m/nofp\libc_nano.a(libc_a-strlen.o)
 .ARM.attributes
                0x000000000000013c       0x1e C:/ST/STM32CubeIDE_1.14.0/STM32CubeIDE/plugins/com.st.stm32cube.ide.mcu.externaltools.gnu-tools-for-stm32.11.3.rel1.win32_1.1.100.202309141235/tools/bin/../lib/gcc/arm-none-eabi/11.3.1/thumb/v7e-m/nofp/crtn.o
OUTPUT(stm32f446_drivers.elf elf32-littlearm)
LOAD linker stubs
LOAD C:/ST/STM32CubeIDE_1.14.0/STM32CubeIDE/plugins/com.st.stm32cube.ide.mcu.externaltools.gnu-tools-for-stm32.11.3.rel1.win32_1.1.100.202309141235/tools/bin/../lib/gcc/arm-none-eabi/11.3.1/../../../../arm-none-eabi/lib/thumb/v7e-m/nofp\libc.a
LOAD C:/ST/STM32CubeIDE_1.14.0/STM32CubeIDE/plugins/com.st.stm32cube.ide.mcu.externaltools.gnu-tools-for-stm32.11.3.rel1.win32_1.1.100.202309141235/tools/bin/../lib/gcc/arm-none-eabi/11.3.1/../../../../arm-none-eabi/lib/thumb/v7e-m/nofp\libm.a
LOAD C:/ST/STM32CubeIDE_1.14.0/STM32CubeIDE/plugins/com.st.stm32cube.ide.mcu.externaltools.gnu-tools-for-stm32.11.3.rel1.win32_1.1.100.202309141235/tools/bin/../lib/gcc/arm-none-eabi/11.3.1/thumb/v7e-m/nofp\libgcc.a

.comment        0x0000000000000000       0x43
 .comment       0x0000000000000000       0x43 C:/ST/STM32CubeIDE_1.14.0/STM32CubeIDE/plugins/com.st.stm32cube.ide.mcu.externaltools.gnu-tools-for-stm32.11.3.rel1.win32_1.1.100.202309141235/tools/bin/../lib/gcc/arm-none-eabi/11.3.1/thumb/v7e-m/nofp/crtbegin.o
                                         0x44 (size before relaxing)
 .comment       0x0000000000000043       0x44 ./Drivers/Src/stm32f446xx_gpio_driver.o
 .comment       0x0000000000000043       0x44 ./Drivers/Src/stm32f446xx_spi_driver.o
 .comment       0x0000000000000043       0x44 ./Src/005spi_tx_test.o

.debug_info     0x0000000000000000     0x1179
 .debug_info    0x0000000000000000      0x75c ./Drivers/Src/stm32f446xx_gpio_driver.o
 .debug_info    0x000000000000075c      0x5b1 ./Drivers/Src/stm32f446xx_spi_driver.o
 .debug_info    0x0000000000000d0d      0x449 ./Src/005spi_tx_test.o
 .debug_info    0x0000000000001156       0x23 ./Startup/startup_stm32f446retx.o

.debug_abbrev   0x0000000000000000      0x4cf
 .debug_abbrev  0x0000000000000000      0x209 ./Drivers/Src/stm32f446xx_gpio_driver.o
 .debug_abbrev  0x0000000000000209      0x14f ./Drivers/Src/stm32f446xx_spi_driver.o
 .debug_abbrev  0x0000000000000358      0x165 ./Src/005spi_tx_test.o
 .debug_abbrev  0x00000000000004bd       0x12 ./Startup/startup_stm32f446retx.o

.debug_aranges  0x0000000000000000      0x138
 .debug_aranges
                0x0000000000000000       0x70 ./Drivers/Src/stm32f446xx_gpio_driver.o
 .debug_aranges
                0x0000000000000070       0x70 ./Drivers/Src/stm32f446xx_spi_driver.o
 .debug_aranges
                0x00000000000000e0       0x30 ./Src/005spi_tx_test.o
 .debug_aranges
                0x0000000000000110       0x28 ./Startup/startup_stm32f446retx.o

.debug_rnglists
                0x0000000000000000       0xdd
 .debug_rnglists
                0x0000000000000000       0x53 ./Drivers/Src/stm32f446xx_gpio_driver.o
 .debug_rnglists
                0x0000000000000053       0x52 ./Drivers/Src/stm32f446xx_spi_driver.o
 .debug_rnglists
                0x00000000000000a5       0x1f ./Src/005spi_tx_test.o
 .debug_rnglists
                0x00000000000000c4       0x19 ./Startup/startup_stm32f446retx.o

.debug_macro    0x0000000000000000    0x1983e
 .debug_macro   0x0000000000000000       0xe6 ./Drivers/Src/stm32f446xx_gpio_driver.o
 .debug_macro   0x00000000000000e6      0xaa8 ./Drivers/Src/stm32f446xx_gpio_driver.o
 .debug_macro   0x0000000000000b8e       0x28 ./Drivers/Src/stm32f446xx_gpio_driver.o
 .debug_macro   0x0000000000000bb6       0x28 ./Drivers/Src/stm32f446xx_gpio_driver.o
 .debug_macro   0x0000000000000bde       0x22 ./Drivers/Src/stm32f446xx_gpio_driver.o
 .debug_macro   0x0000000000000c00       0x8e ./Drivers/Src/stm32f446xx_gpio_driver.o
 .debug_macro   0x0000000000000c8e       0x51 ./Drivers/Src/stm32f446xx_gpio_driver.o
 .debug_macro   0x0000000000000cdf      0x103 ./Drivers/Src/stm32f446xx_gpio_driver.o
 .debug_macro   0x0000000000000de2       0x6a ./Drivers/Src/stm32f446xx_gpio_driver.o
 .debug_macro   0x0000000000000e4c      0x1df ./Drivers/Src/stm32f446xx_gpio_driver.o
 .debug_macro   0x000000000000102b       0x1c ./Drivers/Src/stm32f446xx_gpio_driver.o
 .debug_macro   0x0000000000001047       0x22 ./Drivers/Src/stm32f446xx_gpio_driver.o
 .debug_macro   0x0000000000001069       0xd9 ./Drivers/Src/stm32f446xx_gpio_driver.o
 .debug_macro   0x0000000000001142     0x102d ./Drivers/Src/stm32f446xx_gpio_driver.o
 .debug_macro   0x000000000000216f      0x11f ./Drivers/Src/stm32f446xx_gpio_driver.o
 .debug_macro   0x000000000000228e    0x1672d ./Drivers/Src/stm32f446xx_gpio_driver.o
 .debug_macro   0x00000000000189bb       0x43 ./Drivers/Src/stm32f446xx_gpio_driver.o
 .debug_macro   0x00000000000189fe       0x6a ./Drivers/Src/stm32f446xx_gpio_driver.o
 .debug_macro   0x0000000000018a68       0xc4 ./Drivers/Src/stm32f446xx_gpio_driver.o
 .debug_macro   0x0000000000018b2c       0xe6 ./Drivers/Src/stm32f446xx_spi_driver.o
 .debug_macro   0x0000000000018c12       0x82 ./Drivers/Src/stm32f446xx_spi_driver.o
 .debug_macro   0x0000000000018c94      0x1ce ./Src/005spi_tx_test.o
 .debug_macro   0x0000000000018e62       0x61 ./Src/005spi_tx_test.o
 .debug_macro   0x0000000000018ec3       0x24 ./Src/005spi_tx_test.o
 .debug_macro   0x0000000000018ee7       0x43 ./Src/005spi_tx_test.o
 .debug_macro   0x0000000000018f2a       0x34 ./Src/005spi_tx_test.o
 .debug_macro   0x0000000000018f5e      0x174 ./Src/005spi_tx_test.o
 .debug_macro   0x00000000000190d2       0x16 ./Src/005spi_tx_test.o
 .debug_macro   0x00000000000190e8       0x43 ./Src/005spi_tx_test.o
 .debug_macro   0x000000000001912b       0x34 ./Src/005spi_tx_test.o
 .debug_macro   0x000000000001915f       0x10 ./Src/005spi_tx_test.o
 .debug_macro   0x000000000001916f       0x58 ./Src/005spi_tx_test.o
 .debug_macro   0x00000000000191c7       0x8e ./Src/005spi_tx_test.o
 .debug_macro   0x0000000000019255       0x1c ./Src/005spi_tx_test.o
 .debug_macro   0x0000000000019271      0x177 ./Src/005spi_tx_test.o
 .debug_macro   0x00000000000193e8      0x369 ./Src/005spi_tx_test.o
 .debug_macro   0x0000000000019751       0x10 ./Src/005spi_tx_test.o
 .debug_macro   0x0000000000019761       0x35 ./Src/005spi_tx_test.o
 .debug_macro   0x0000000000019796       0x20 ./Src/005spi_tx_test.o
 .debug_macro   0x00000000000197b6       0x88 ./Src/005spi_tx_test.o

.debug_line     0x0000000000000000     0x1bfc
 .debug_line    0x0000000000000000      0xb93 ./Drivers/Src/stm32f446xx_gpio_driver.o
 .debug_line    0x0000000000000b93      0x80f ./Drivers/Src/stm32f446xx_spi_driver.o
 .debug_line    0x00000000000013a2      0x7df ./Src/005spi_tx_test.o
 .debug_line    0x0000000000001b81       0x7b ./Startup/startup_stm32f446retx.o

.debug_str      0x0000000000000000    0x8e7a2
 .debug_str     0x0000000000000000    0x8af94 ./Drivers/Src/stm32f446xx_gpio_driver.o
                                      0x8b131 (size before relaxing)
 .debug_str     0x000000000008af94      0x36a ./Drivers/Src/stm32f446xx_spi_driver.o
                                      0x8aff2 (size before relaxing)
 .debug_str     0x000000000008b2fe     0x3475 ./Src/005spi_tx_test.o
                                      0x8e5fa (size before relaxing)
 .debug_str     0x000000000008e773       0x2f ./Startup/startup_stm32f446retx.o
                                         0x6d (size before relaxing)

.debug_frame    0x0000000000000000      0x430
 .debug_frame   0x0000000000000000      0x1c8 ./Drivers/Src/stm32f446xx_gpio_driver.o
 .debug_frame   0x00000000000001c8      0x1c4 ./Drivers/Src/stm32f446xx_spi_driver.o
 .debug_frame   0x000000000000038c       0x78 ./Src/005spi_tx_test.o
 .debug_frame   0x0000000000000404       0x2c C:/ST/STM32CubeIDE_1.14.0/STM32CubeIDE/plugins/com.st.stm32cube.ide.mcu.externaltools.gnu-tools-for-stm32.11.3.rel1.win32_1.1.100.202309141235/tools/bin/../lib/gcc/arm-none-eabi/11.3.1/../../../../arm-none-eabi/lib/thumb/v7e-m/nofp\libc_nano.a(libc_a-init.o)

.debug_line_str
                0x0000000000000000       0x61
 .debug_line_str
                0x0000000000000000       0x61 ./Startup/startup_stm32f446retx.o
                                         0x79 (size before relaxing)
