20:35:20 **** Incremental Build of configuration Debug for project stm32f446_drivers ****
make -j12 all 
arm-none-eabi-gcc "../Src/005spi_tx_test.c" -mcpu=cortex-m4 -std=gnu11 -g3 -DDEBUG -DSTM32 -DSTM32F4 -DSTM32F446RETx -DSTM32F446xx -c -I../Inc -I"C:/Users/pyrga/Desktop/STM32_Projects/F4_chip_headers/CMSIS/Device/ST/STM32F4xx/Include" -I"C:/Users/pyrga/Desktop/STM32_Projects/F4_chip_headers/CMSIS/Include" -I"C:/Users/pyrga/Desktop/STM32_Projects/stm32f446_drivers/Drivers/Inc" -O0 -ffunction-sections -fdata-sections -Wall -fstack-usage -fcyclomatic-complexity -MMD -MP -MF"Src/005spi_tx_test.d" -MT"Src/005spi_tx_test.o" --specs=nano.specs -mfloat-abi=soft -mthumb -o "Src/005spi_tx_test.o"
arm-none-eabi-gcc "../Drivers/Src/stm32f446xx_spi_driver.c" -mcpu=cortex-m4 -std=gnu11 -g3 -DDEBUG -DSTM32 -DSTM32F4 -DSTM32F446RETx -DSTM32F446xx -c -I../Inc -I"C:/Users/pyrga/Desktop/STM32_Projects/F4_chip_headers/CMSIS/Device/ST/STM32F4xx/Include" -I"C:/Users/pyrga/Desktop/STM32_Projects/F4_chip_headers/CMSIS/Include" -I"C:/Users/pyrga/Desktop/STM32_Projects/stm32f446_drivers/Drivers/Inc" -O0 -ffunction-sections -fdata-sections -Wall -fstack-usage -fcyclomatic-complexity -MMD -MP -MF"Drivers/Src/stm32f446xx_spi_driver.d" -MT"Drivers/Src/stm32f446xx_spi_driver.o" --specs=nano.specs -mfloat-abi=soft -mthumb -o "Drivers/Src/stm32f446xx_spi_driver.o"
arm-none-eabi-gcc -o "stm32f446_drivers.elf" @"objects.list"   -mcpu=cortex-m4 -T"C:\Users\pyrga\Desktop\STM32_Projects\stm32f446_drivers\STM32F446RETX_FLASH.ld" --specs=nosys.specs -Wl,-Map="stm32f446_drivers.map" -Wl,--gc-sections -static --specs=nano.specs -mfloat-abi=soft -mthumb -Wl,--start-group -lc -lm -Wl,--end-group
Finished building target: stm32f446_drivers.elf
 
arm-none-eabi-size  stm32f446_drivers.elf 
arm-none-eabi-objdump -h -S stm32f446_drivers.elf  > "stm32f446_drivers.list"
   text	   data	    bss	    dec	    hex	filename
   3008	      8	   1568	   4584	   11e8	stm32f446_drivers.elf
Finished building: default.size.stdout
 
Finished building: stm32f446_drivers.list
 
20:35:27 **** Incremental Build of configuration Debug for project stm32f446_drivers ****
make -j12 all 
arm-none-eabi-size  stm32f446_drivers.elf 
   text	   data	    bss	    dec	    hex	filename
   3008	      8	   1568	   4584	   11e8	stm32f446_drivers.elf
Finished building: default.size.stdout
 
20:37:05 **** Incremental Build of configuration Debug for project stm32f446_drivers ****
make -j12 all 
arm-none-eabi-size  stm32f446_drivers.elf 
   text	   data	    bss	    dec	    hex	filename
   3008	      8	   1568	   4584	   11e8	stm32f446_drivers.elf
Finished building: default.size.stdout
 
20:41:36 **** Incremental Build of configuration Debug for project stm32f446_drivers ****
make -j12 all 
arm-none-eabi-gcc "../Src/005spi_tx_test.c" -mcpu=cortex-m4 -std=gnu11 -g3 -DDEBUG -DSTM32 -DSTM32F4 -DSTM32F446RETx -DSTM32F446xx -c -I../Inc -I"C:/Users/pyrga/Desktop/STM32_Projects/F4_chip_headers/CMSIS/Device/ST/STM32F4xx/Include" -I"C:/Users/pyrga/Desktop/STM32_Projects/F4_chip_headers/CMSIS/Include" -I"C:/Users/pyrga/Desktop/STM32_Projects/stm32f446_drivers/Drivers/Inc" -O0 -ffunction-sections -fdata-sections -Wall -fstack-usage -fcyclomatic-complexity -MMD -MP -MF"Src/005spi_tx_test.d" -MT"Src/005spi_tx_test.o" --specs=nano.specs -mfloat-abi=soft -mthumb -o "Src/005spi_tx_test.o"
arm-none-eabi-gcc -o "stm32f446_drivers.elf" @"objects.list"   -mcpu=cortex-m4 -T"C:\Users\pyrga\Desktop\STM32_Projects\stm32f446_drivers\STM32F446RETX_FLASH.ld" --specs=nosys.specs -Wl,-Map="stm32f446_drivers.map" -Wl,--gc-sections -static --specs=nano.specs -mfloat-abi=soft -mthumb -Wl,--start-group -lc -lm -Wl,--end-group
Finished building target: stm32f446_drivers.elf
 
arm-none-eabi-size  stm32f446_drivers.elf 
arm-none-eabi-objdump -h -S stm32f446_drivers.elf  > "stm32f446_drivers.list"
   text	   data	    bss	    dec	    hex	filename
   3008	      8	   1568	   4584	   11e8	stm32f446_drivers.elf
Finished building: default.size.stdout
 
Finished building: stm32f446_drivers.list
 
20:45:04 **** Incremental Build of configuration Debug for project stm32f446_drivers ****
make -j12 all 
arm-none-eabi-size  stm32f446_drivers.elf 
   text	   data	    bss	    dec	    hex	filename
   3008	      8	   1568	   4584	   11e8	stm32f446_drivers.elf
Finished building: default.size.stdout
 
23:33:00 **** Incremental Build of configuration Debug for project stm32f446_drivers ****
make -j12 all 
arm-none-eabi-gcc "../Src/005spi_tx_test.c" -mcpu=cortex-m4 -std=gnu11 -g3 -DDEBUG -DSTM32 -DSTM32F4 -DSTM32F446RETx -DSTM32F446xx -c -I../Inc -I"C:/Users/pyrga/Desktop/STM32_Projects/F4_chip_headers/CMSIS/Device/ST/STM32F4xx/Include" -I"C:/Users/pyrga/Desktop/STM32_Projects/F4_chip_headers/CMSIS/Include" -I"C:/Users/pyrga/Desktop/STM32_Projects/stm32f446_drivers/Drivers/Inc" -O0 -ffunction-sections -fdata-sections -Wall -fstack-usage -fcyclomatic-complexity -MMD -MP -MF"Src/005spi_tx_test.d" -MT"Src/005spi_tx_test.o" --specs=nano.specs -mfloat-abi=soft -mthumb -o "Src/005spi_tx_test.o"
arm-none-eabi-gcc -o "stm32f446_drivers.elf" @"objects.list"   -mcpu=cortex-m4 -T"C:\Users\pyrga\Desktop\STM32_Projects\stm32f446_drivers\STM32F446RETX_FLASH.ld" --specs=nosys.specs -Wl,-Map="stm32f446_drivers.map" -Wl,--gc-sections -static --specs=nano.specs -mfloat-abi=soft -mthumb -Wl,--start-group -lc -lm -Wl,--end-group
Finished building target: stm32f446_drivers.elf
 
arm-none-eabi-size  stm32f446_drivers.elf 
arm-none-eabi-objdump -h -S stm32f446_drivers.elf  > "stm32f446_drivers.list"
   text	   data	    bss	    dec	    hex	filename
   3020	      8	   1568	   4596	   11f4	stm32f446_drivers.elf
Finished building: default.size.stdout
 
Finished building: stm32f446_drivers.list
 
23:43:26 **** Incremental Build of configuration Debug for project stm32f446_drivers ****
make -j12 all 
arm-none-eabi-gcc "../Src/005spi_tx_test.c" -mcpu=cortex-m4 -std=gnu11 -g3 -DDEBUG -DSTM32 -DSTM32F4 -DSTM32F446RETx -DSTM32F446xx -c -I../Inc -I"C:/Users/pyrga/Desktop/STM32_Projects/F4_chip_headers/CMSIS/Device/ST/STM32F4xx/Include" -I"C:/Users/pyrga/Desktop/STM32_Projects/F4_chip_headers/CMSIS/Include" -I"C:/Users/pyrga/Desktop/STM32_Projects/stm32f446_drivers/Drivers/Inc" -O0 -ffunction-sections -fdata-sections -Wall -fstack-usage -fcyclomatic-complexity -MMD -MP -MF"Src/005spi_tx_test.d" -MT"Src/005spi_tx_test.o" --specs=nano.specs -mfloat-abi=soft -mthumb -o "Src/005spi_tx_test.o"
arm-none-eabi-gcc -o "stm32f446_drivers.elf" @"objects.list"   -mcpu=cortex-m4 -T"C:\Users\pyrga\Desktop\STM32_Projects\stm32f446_drivers\STM32F446RETX_FLASH.ld" --specs=nosys.specs -Wl,-Map="stm32f446_drivers.map" -Wl,--gc-sections -static --specs=nano.specs -mfloat-abi=soft -mthumb -Wl,--start-group -lc -lm -Wl,--end-group
Finished building target: stm32f446_drivers.elf
 
arm-none-eabi-size  stm32f446_drivers.elf 
arm-none-eabi-objdump -h -S stm32f446_drivers.elf  > "stm32f446_drivers.list"
   text	   data	    bss	    dec	    hex	filename
   3040	      8	   1568	   4616	   1208	stm32f446_drivers.elf
Finished building: default.size.stdout
 
Finished building: stm32f446_drivers.list
 
23:50:23 **** Incremental Build of configuration Debug for project stm32f446_drivers ****
make -j12 all 
arm-none-eabi-gcc "../Src/005spi_tx_test.c" -mcpu=cortex-m4 -std=gnu11 -g3 -DDEBUG -DSTM32 -DSTM32F4 -DSTM32F446RETx -DSTM32F446xx -c -I../Inc -I"C:/Users/pyrga/Desktop/STM32_Projects/F4_chip_headers/CMSIS/Device/ST/STM32F4xx/Include" -I"C:/Users/pyrga/Desktop/STM32_Projects/F4_chip_headers/CMSIS/Include" -I"C:/Users/pyrga/Desktop/STM32_Projects/stm32f446_drivers/Drivers/Inc" -O0 -ffunction-sections -fdata-sections -Wall -fstack-usage -fcyclomatic-complexity -MMD -MP -MF"Src/005spi_tx_test.d" -MT"Src/005spi_tx_test.o" --specs=nano.specs -mfloat-abi=soft -mthumb -o "Src/005spi_tx_test.o"
../Src/005spi_tx_test.c: In function 'main':
../Src/005spi_tx_test.c:91:17: warning: variable 'temp' set but not used [-Wunused-but-set-variable]
   91 |         uint8_t temp;
      |                 ^~~~
arm-none-eabi-gcc -o "stm32f446_drivers.elf" @"objects.list"   -mcpu=cortex-m4 -T"C:\Users\pyrga\Desktop\STM32_Projects\stm32f446_drivers\STM32F446RETX_FLASH.ld" --specs=nosys.specs -Wl,-Map="stm32f446_drivers.map" -Wl,--gc-sections -static --specs=nano.specs -mfloat-abi=soft -mthumb -Wl,--start-group -lc -lm -Wl,--end-group
Finished building target: stm32f446_drivers.elf
 
arm-none-eabi-size  stm32f446_drivers.elf 
arm-none-eabi-objdump -h -S stm32f446_drivers.elf  > "stm32f446_drivers.list"
   text	   data	    bss	    dec	    hex	filename
   3060	      8	   1568	   4636	   121c	stm32f446_drivers.elf
Finished building: default.size.stdout
 
Finished building: stm32f446_drivers.list
 
23:50:48 **** Incremental Build of configuration Debug for project stm32f446_drivers ****
make -j12 all 
arm-none-eabi-gcc "../Src/005spi_tx_test.c" -mcpu=cortex-m4 -std=gnu11 -g3 -DDEBUG -DSTM32 -DSTM32F4 -DSTM32F446RETx -DSTM32F446xx -c -I../Inc -I"C:/Users/pyrga/Desktop/STM32_Projects/F4_chip_headers/CMSIS/Device/ST/STM32F4xx/Include" -I"C:/Users/pyrga/Desktop/STM32_Projects/F4_chip_headers/CMSIS/Include" -I"C:/Users/pyrga/Desktop/STM32_Projects/stm32f446_drivers/Drivers/Inc" -O0 -ffunction-sections -fdata-sections -Wall -fstack-usage -fcyclomatic-complexity -MMD -MP -MF"Src/005spi_tx_test.d" -MT"Src/005spi_tx_test.o" --specs=nano.specs -mfloat-abi=soft -mthumb -o "Src/005spi_tx_test.o"
../Src/005spi_tx_test.c: In function 'main':
../Src/005spi_tx_test.c:91:17: warning: variable 'temp' set but not used [-Wunused-but-set-variable]
   91 |         uint8_t temp;
      |                 ^~~~
arm-none-eabi-gcc -o "stm32f446_drivers.elf" @"objects.list"   -mcpu=cortex-m4 -T"C:\Users\pyrga\Desktop\STM32_Projects\stm32f446_drivers\STM32F446RETX_FLASH.ld" --specs=nosys.specs -Wl,-Map="stm32f446_drivers.map" -Wl,--gc-sections -static --specs=nano.specs -mfloat-abi=soft -mthumb -Wl,--start-group -lc -lm -Wl,--end-group
Finished building target: stm32f446_drivers.elf
 
arm-none-eabi-size  stm32f446_drivers.elf 
arm-none-eabi-objdump -h -S stm32f446_drivers.elf  > "stm32f446_drivers.list"
   text	   data	    bss	    dec	    hex	filename
   3048	      8	   1568	   4624	   1210	stm32f446_drivers.elf
Finished building: default.size.stdout
 
Finished building: stm32f446_drivers.list
 
23:51:03 **** Incremental Build of configuration Debug for project stm32f446_drivers ****
make -j12 all 
arm-none-eabi-size  stm32f446_drivers.elf 
   text	   data	    bss	    dec	    hex	filename
   3048	      8	   1568	   4624	   1210	stm32f446_drivers.elf
Finished building: default.size.stdout
 
23:53:58 **** Incremental Build of configuration Debug for project stm32f446_drivers ****
make -j12 all 
arm-none-eabi-size  stm32f446_drivers.elf 
   text	   data	    bss	    dec	    hex	filename
   3048	      8	   1568	   4624	   1210	stm32f446_drivers.elf
Finished building: default.size.stdout
 
23:53:59 **** Incremental Build of configuration Debug for project stm32f446_drivers ****
make -j12 all 
arm-none-eabi-size  stm32f446_drivers.elf 
   text	   data	    bss	    dec	    hex	filename
   3048	      8	   1568	   4624	   1210	stm32f446_drivers.elf
Finished building: default.size.stdout
 
23:55:37 **** Incremental Build of configuration Debug for project stm32f446_drivers ****
make -j12 all 
arm-none-eabi-gcc "../Src/005spi_tx_test.c" -mcpu=cortex-m4 -std=gnu11 -g3 -DDEBUG -DSTM32 -DSTM32F4 -DSTM32F446RETx -DSTM32F446xx -c -I../Inc -I"C:/Users/pyrga/Desktop/STM32_Projects/F4_chip_headers/CMSIS/Device/ST/STM32F4xx/Include" -I"C:/Users/pyrga/Desktop/STM32_Projects/F4_chip_headers/CMSIS/Include" -I"C:/Users/pyrga/Desktop/STM32_Projects/stm32f446_drivers/Drivers/Inc" -O0 -ffunction-sections -fdata-sections -Wall -fstack-usage -fcyclomatic-complexity -MMD -MP -MF"Src/005spi_tx_test.d" -MT"Src/005spi_tx_test.o" --specs=nano.specs -mfloat-abi=soft -mthumb -o "Src/005spi_tx_test.o"
../Src/005spi_tx_test.c: In function 'main':
../Src/005spi_tx_test.c:91:17: warning: variable 'temp' set but not used [-Wunused-but-set-variable]
   91 |         uint8_t temp;
      |                 ^~~~
arm-none-eabi-gcc -o "stm32f446_drivers.elf" @"objects.list"   -mcpu=cortex-m4 -T"C:\Users\pyrga\Desktop\STM32_Projects\stm32f446_drivers\STM32F446RETX_FLASH.ld" --specs=nosys.specs -Wl,-Map="stm32f446_drivers.map" -Wl,--gc-sections -static --specs=nano.specs -mfloat-abi=soft -mthumb -Wl,--start-group -lc -lm -Wl,--end-group
Finished building target: stm32f446_drivers.elf
 
arm-none-eabi-size  stm32f446_drivers.elf 
arm-none-eabi-objdump -h -S stm32f446_drivers.elf  > "stm32f446_drivers.list"
   text	   data	    bss	    dec	    hex	filename
   3040	      8	   1568	   4616	   1208	stm32f446_drivers.elf
Finished building: default.size.stdout
 
Finished building: stm32f446_drivers.list
 
00:50:53 **** Clean-only build of configuration Debug for project stm32f446_drivers ****
make -j12 clean 
rm -rf ./Startup/startup_stm32f446retx.d ./Startup/startup_stm32f446retx.o
rm -rf ./Src/005spi_tx_test.cyclo ./Src/005spi_tx_test.d ./Src/005spi_tx_test.o ./Src/005spi_tx_test.su ./Src/syscalls.cyclo ./Src/syscalls.d ./Src/syscalls.o ./Src/syscalls.su ./Src/sysmem.cyclo ./Src/sysmem.d ./Src/sysmem.o ./Src/sysmem.su
rm -rf ./Drivers/Src/stm32f446xx_gpio_driver.cyclo ./Drivers/Src/stm32f446xx_gpio_driver.d ./Drivers/Src/stm32f446xx_gpio_driver.o ./Drivers/Src/stm32f446xx_gpio_driver.su ./Drivers/Src/stm32f446xx_spi_driver.cyclo ./Drivers/Src/stm32f446xx_spi_driver.d ./Drivers/Src/stm32f446xx_spi_driver.o ./Drivers/Src/stm32f446xx_spi_driver.su
rm -rf default.size.stdout stm32f446_drivers.elf stm32f446_drivers.list stm32f446_drivers.map
 
00:50:54 **** Incremental Build of configuration Debug for project stm32f446_drivers ****
make -j12 all 
arm-none-eabi-gcc -mcpu=cortex-m4 -g3 -DDEBUG -c -x assembler-with-cpp -MMD -MP -MF"Startup/startup_stm32f446retx.d" -MT"Startup/startup_stm32f446retx.o" --specs=nano.specs -mfloat-abi=soft -mthumb -o "Startup/startup_stm32f446retx.o" "../Startup/startup_stm32f446retx.s"
arm-none-eabi-gcc "../Src/005spi_tx_test.c" -mcpu=cortex-m4 -std=gnu11 -g3 -DDEBUG -DSTM32 -DSTM32F4 -DSTM32F446RETx -DSTM32F446xx -c -I../Inc -I"C:/Users/pyrga/Desktop/STM32_Projects/F4_chip_headers/CMSIS/Device/ST/STM32F4xx/Include" -I"C:/Users/pyrga/Desktop/STM32_Projects/F4_chip_headers/CMSIS/Include" -I"C:/Users/pyrga/Desktop/STM32_Projects/stm32f446_drivers/Drivers/Inc" -O0 -ffunction-sections -fdata-sections -Wall -fstack-usage -fcyclomatic-complexity -MMD -MP -MF"Src/005spi_tx_test.d" -MT"Src/005spi_tx_test.o" --specs=nano.specs -mfloat-abi=soft -mthumb -o "Src/005spi_tx_test.o"
arm-none-eabi-gcc "../Src/syscalls.c" -mcpu=cortex-m4 -std=gnu11 -g3 -DDEBUG -DSTM32 -DSTM32F4 -DSTM32F446RETx -DSTM32F446xx -c -I../Inc -I"C:/Users/pyrga/Desktop/STM32_Projects/F4_chip_headers/CMSIS/Device/ST/STM32F4xx/Include" -I"C:/Users/pyrga/Desktop/STM32_Projects/F4_chip_headers/CMSIS/Include" -I"C:/Users/pyrga/Desktop/STM32_Projects/stm32f446_drivers/Drivers/Inc" -O0 -ffunction-sections -fdata-sections -Wall -fstack-usage -fcyclomatic-complexity -MMD -MP -MF"Src/syscalls.d" -MT"Src/syscalls.o" --specs=nano.specs -mfloat-abi=soft -mthumb -o "Src/syscalls.o"
arm-none-eabi-gcc "../Src/sysmem.c" -mcpu=cortex-m4 -std=gnu11 -g3 -DDEBUG -DSTM32 -DSTM32F4 -DSTM32F446RETx -DSTM32F446xx -c -I../Inc -I"C:/Users/pyrga/Desktop/STM32_Projects/F4_chip_headers/CMSIS/Device/ST/STM32F4xx/Include" -I"C:/Users/pyrga/Desktop/STM32_Projects/F4_chip_headers/CMSIS/Include" -I"C:/Users/pyrga/Desktop/STM32_Projects/stm32f446_drivers/Drivers/Inc" -O0 -ffunction-sections -fdata-sections -Wall -fstack-usage -fcyclomatic-complexity -MMD -MP -MF"Src/sysmem.d" -MT"Src/sysmem.o" --specs=nano.specs -mfloat-abi=soft -mthumb -o "Src/sysmem.o"
arm-none-eabi-gcc "../Drivers/Src/stm32f446xx_gpio_driver.c" -mcpu=cortex-m4 -std=gnu11 -g3 -DDEBUG -DSTM32 -DSTM32F4 -DSTM32F446RETx -DSTM32F446xx -c -I../Inc -I"C:/Users/pyrga/Desktop/STM32_Projects/F4_chip_headers/CMSIS/Device/ST/STM32F4xx/Include" -I"C:/Users/pyrga/Desktop/STM32_Projects/F4_chip_headers/CMSIS/Include" -I"C:/Users/pyrga/Desktop/STM32_Projects/stm32f446_drivers/Drivers/Inc" -O0 -ffunction-sections -fdata-sections -Wall -fstack-usage -fcyclomatic-complexity -MMD -MP -MF"Drivers/Src/stm32f446xx_gpio_driver.d" -MT"Drivers/Src/stm32f446xx_gpio_driver.o" --specs=nano.specs -mfloat-abi=soft -mthumb -o "Drivers/Src/stm32f446xx_gpio_driver.o"
arm-none-eabi-gcc "../Drivers/Src/stm32f446xx_spi_driver.c" -mcpu=cortex-m4 -std=gnu11 -g3 -DDEBUG -DSTM32 -DSTM32F4 -DSTM32F446RETx -DSTM32F446xx -c -I../Inc -I"C:/Users/pyrga/Desktop/STM32_Projects/F4_chip_headers/CMSIS/Device/ST/STM32F4xx/Include" -I"C:/Users/pyrga/Desktop/STM32_Projects/F4_chip_headers/CMSIS/Include" -I"C:/Users/pyrga/Desktop/STM32_Projects/stm32f446_drivers/Drivers/Inc" -O0 -ffunction-sections -fdata-sections -Wall -fstack-usage -fcyclomatic-complexity -MMD -MP -MF"Drivers/Src/stm32f446xx_spi_driver.d" -MT"Drivers/Src/stm32f446xx_spi_driver.o" --specs=nano.specs -mfloat-abi=soft -mthumb -o "Drivers/Src/stm32f446xx_spi_driver.o"
../Src/005spi_tx_test.c: In function 'main':
../Src/005spi_tx_test.c:91:17: warning: variable 'temp' set but not used [-Wunused-but-set-variable]
   91 |         uint8_t temp;
      |                 ^~~~
arm-none-eabi-gcc -o "stm32f446_drivers.elf" @"objects.list"   -mcpu=cortex-m4 -T"C:\Users\pyrga\Desktop\STM32_Projects\stm32f446_drivers\STM32F446RETX_FLASH.ld" --specs=nosys.specs -Wl,-Map="stm32f446_drivers.map" -Wl,--gc-sections -static --specs=nano.specs -mfloat-abi=soft -mthumb -Wl,--start-group -lc -lm -Wl,--end-group
Finished building target: stm32f446_drivers.elf
 
arm-none-eabi-size  stm32f446_drivers.elf 
arm-none-eabi-objdump -h -S stm32f446_drivers.elf  > "stm32f446_drivers.list"
   text	   data	    bss	    dec	    hex	filename
   3040	      8	   1568	   4616	   1208	stm32f446_drivers.elf
Finished building: default.size.stdout
 
Finished building: stm32f446_drivers.list
 
