00:50:54 **** Incremental Build of configuration Debug for project stm32f446_drivers ****
make -j12 all 
arm-none-eabi-gcc -mcpu=cortex-m4 -g3 -DDEBUG -c -x assembler-with-cpp -MMD -MP -MF"Startup/startup_stm32f446retx.d" -MT"Startup/startup_stm32f446retx.o" --specs=nano.specs -mfloat-abi=soft -mthumb -o "Startup/startup_stm32f446retx.o" "../Startup/startup_stm32f446retx.s"
arm-none-eabi-gcc "../Src/005spi_tx_test.c" -mcpu=cortex-m4 -std=gnu11 -g3 -DDEBUG -DSTM32 -DSTM32F4 -DSTM32F446RETx -DSTM32F446xx -c -I../Inc -I"C:/Users/pyrga/Desktop/STM32_Projects/F4_chip_headers/CMSIS/Device/ST/STM32F4xx/Include" -I"C:/Users/pyrga/Desktop/STM32_Projects/F4_chip_headers/CMSIS/Include" -I"C:/Users/pyrga/Desktop/STM32_Projects/stm32f446_drivers/Drivers/Inc" -O0 -ffunction-sections -fdata-sections -Wall -fstack-usage -fcyclomatic-complexity -MMD -MP -MF"Src/005spi_tx_test.d" -MT"Src/005spi_tx_test.o" --specs=nano.specs -mfloat-abi=soft -mthumb -o "Src/005spi_tx_test.o"
arm-none-eabi-gcc "../Src/syscalls.c" -mcpu=cortex-m4 -std=gnu11 -g3 -DDEBUG -DSTM32 -DSTM32F4 -DSTM32F446RETx -DSTM32F446xx -c -I../Inc -I"C:/Users/pyrga/Desktop/STM32_Projects/F4_chip_headers/CMSIS/Device/ST/STM32F4xx/Include" -I"C:/Users/pyrga/Desktop/STM32_Projects/F4_chip_headers/CMSIS/Include" -I"C:/Users/pyrga/Desktop/STM32_Projects/stm32f446_drivers/Drivers/Inc" -O0 -ffunction-sections -fdata-sections -Wall -fstack-usage -fcyclomatic-complexity -MMD -MP -MF"Src/syscalls.d" -MT"Src/syscalls.o" --specs=nano.specs -mfloat-abi=soft -mthumb -o "Src/syscalls.o"
arm-none-eabi-gcc "../Src/sysmem.c" -mcpu=cortex-m4 -std=gnu11 -g3 -DDEBUG -DSTM32 -DSTM32F4 -DSTM32F446RETx -DSTM32F446xx -c -I../Inc -I"C:/Users/pyrga/Desktop/STM32_Projects/F4_chip_headers/CMSIS/Device/ST/STM32F4xx/Include" -I"C:/Users/pyrga/Desktop/STM32_Projects/F4_chip_headers/CMSIS/Include" -I"C:/Users/pyrga/Desktop/STM32_Projects/stm32f446_drivers/Drivers/Inc" -O0 -ffunction-sections -fdata-sections -Wall -fstack-usage -fcyclomatic-complexity -MMD -MP -MF"Src/sysmem.d" -MT"Src/sysmem.o" --specs=nano.specs -mfloat-abi=soft -mthumb -o "Src/sysmem.o"
arm-none-eabi-gcc "../Drivers/Src/stm32f446xx_gpio_driver.c" -mcpu=cortex-m4 -std=gnu11 -g3 -DDEBUG -DSTM32 -DSTM32F4 -DSTM32F446RETx -DSTM32F446xx -c -I../Inc -I"C:/Users/pyrga/Desktop/STM32_Projects/F4_chip_headers/CMSIS/Device/ST/STM32F4xx/Include" -I"C:/Users/pyrga/Desktop/STM32_Projects/F4_chip_headers/CMSIS/Include" -I"C:/Users/pyrga/Desktop/STM32_Projects/stm32f446_drivers/Drivers/Inc" -O0 -ffunction-sections -fdata-sections -Wall -fstack-usage -fcyclomatic-complexity -MMD -MP -MF"Drivers/Src/stm32f446xx_gpio_driver.d" -MT"Drivers/Src/stm32f446xx_gpio_driver.o" --specs=nano.specs -mfloat-abi=soft -mthumb -o "Drivers/Src/stm32f446xx_gpio_driver.o"
arm-none-eabi-gcc "../Drivers/Src/stm32f446xx_spi_driver.c" -mcpu=cortex-m4 -std=gnu11 -g3 -DDEBUG -DSTM32 -DSTM32F4 -DSTM32F446RETx -DSTM32F446xx -c -I../Inc -I"C:/Users/pyrga/Desktop/STM32_Projects/F4_chip_headers/CMSIS/Device/ST/STM32F4xx/Include" -I"C:/Users/pyrga/Desktop/STM32_Projects/F4_chip_headers/CMSIS/Include" -I"C:/Users/pyrga/Desktop/STM32_Projects/stm32f446_drivers/Drivers/Inc" -O0 -ffunction-sections -fdata-sections -Wall -fstack-usage -fcyclomatic-complexity -MMD -MP -MF"Drivers/Src/stm32f446xx_spi_driver.d" -MT"Drivers/Src/stm32f446xx_spi_driver.o" --specs=nano.specs -mfloat-abi=soft -mthumb -o "Drivers/Src/stm32f446xx_spi_driver.o"
../Src/005spi_tx_test.c: In function 'main':
../Src/005spi_tx_test.c:91:17: warning: variable 'temp' set but not used [-Wunused-but-set-variable]
   91 |         uint8_t temp;
      |                 ^~~~
arm-none-eabi-gcc -o "stm32f446_drivers.elf" @"objects.list"   -mcpu=cortex-m4 -T"C:\Users\pyrga\Desktop\STM32_Projects\stm32f446_drivers\STM32F446RETX_FLASH.ld" --specs=nosys.specs -Wl,-Map="stm32f446_drivers.map" -Wl,--gc-sections -static --specs=nano.specs -mfloat-abi=soft -mthumb -Wl,--start-group -lc -lm -Wl,--end-group
Finished building target: stm32f446_drivers.elf
 
arm-none-eabi-size  stm32f446_drivers.elf 
arm-none-eabi-objdump -h -S stm32f446_drivers.elf  > "stm32f446_drivers.list"
   text	   data	    bss	    dec	    hex	filename
   3040	      8	   1568	   4616	   1208	stm32f446_drivers.elf
Finished building: default.size.stdout
 
Finished building: stm32f446_drivers.list
 

00:50:56 Build Finished. 0 errors, 1 warnings. (took 2s.284ms)

